{"type":"server-started","port":49241,"host":"127.0.0.1","url_host":"localhost","url":"http://localhost:49241","screen_dir":"/Users/andrei/development/Mobile/Fluera/.superpowers/brainstorm/82047-1773507469"}
{"type":"screen-added","file":"/Users/andrei/development/Mobile/Fluera/.superpowers/brainstorm/82047-1773507469/themes-palette.html"}
{"source":"user-event","type":"click","text":"L1\n    \n      Белая (Light)\n      Классическая белая тема. Чистый фон #FFFFFF, тёмный текст.\n      \n        Текст","choice":"light-white","id":null,"timestamp":1773507575046}
{"source":"user-event","type":"click","text":"L2\n    \n      Сепия (Sepia)\n      Тёплый бежевый фон, как пожелтевшая бумага. Снижает нагрузку на глаза.\n      \n        Текст","choice":"light-cream","id":null,"timestamp":1773507575510}
{"source":"user-event","type":"click","text":"L3\n    \n      Мятная (Mint)\n      Мягкий зеленоватый фон. Популярна в азиатских ридерах, мягкая для глаз.\n      \n        Текст","choice":"light-mint","id":null,"timestamp":1773507575954}
{"source":"user-event","type":"click","text":"L4\n    \n      Розовая (Rose)\n      Нежно-розовый фон. Уютная атмосфера для вечернего чтения.\n      \n        Текст","choice":"light-rose","id":null,"timestamp":1773507576381}
{"source":"user-event","type":"click","text":"D1\n    \n      Тёмная (Dark)\n      Тёмно-синий фон, светлый текст. Стандартная ночная тема.\n      \n        Текст","choice":"dark-charcoal","id":null,"timestamp":1773507576835}
{"source":"user-event","type":"click","text":"D2\n    \n      AMOLED Чёрная (Pure Black)\n      Чисто чёрный #000000 фон. Максимальная экономия батареи на OLED-экранах.\n      \n        Текст","choice":"dark-amoled","id":null,"timestamp":1773507577508}
{"source":"user-event","type":"click","text":"D3\n    \n      Морская (Navy)\n      Глубокий тёмно-синий, как ночное море. Мягче для глаз чем чистый чёрный.\n      \n        Текст","choice":"dark-navy","id":null,"timestamp":1773507577884}
{"source":"user-event","type":"click","text":"D4\n    \n      Лесная (Forest)\n      Тёмно-зелёный фон. Природная атмосфера, спокойная для глаз ночью.\n      \n        Текст","choice":"dark-forest","id":null,"timestamp":1773507578379}
{"source":"user-event","type":"click","text":"L1\n    \n      Белая (Light)\n      Классическая белая тема. Чистый фон #FFFFFF, тёмный текст.\n      \n        Текст","choice":"light-white","id":null,"timestamp":1773507582022}
{"source":"user-event","type":"click","text":"L2\n    \n      Сепия (Sepia)\n      Тёплый бежевый фон, как пожелтевшая бумага. Снижает нагрузку на глаза.\n      \n        Текст","choice":"light-cream","id":null,"timestamp":1773507582503}
{"source":"user-event","type":"click","text":"L3\n    \n      Мятная (Mint)\n      Мягкий зеленоватый фон. Популярна в азиатских ридерах, мягкая для глаз.\n      \n        Текст","choice":"light-mint","id":null,"timestamp":1773507582845}
{"source":"user-event","type":"click","text":"L4\n    \n      Розовая (Rose)\n      Нежно-розовый фон. Уютная атмосфера для вечернего чтения.\n      \n        Текст","choice":"light-rose","id":null,"timestamp":1773507583639}
{"source":"user-event","type":"click","text":"D1\n    \n      Тёмная (Dark)\n      Тёмно-синий фон, светлый текст. Стандартная ночная тема.\n      \n        Текст","choice":"dark-charcoal","id":null,"timestamp":1773507584050}
{"source":"user-event","type":"click","text":"D3\n    \n      Морская (Navy)\n      Глубокий тёмно-синий, как ночное море. Мягче для глаз чем чистый чёрный.\n      \n        Текст","choice":"dark-navy","id":null,"timestamp":1773507584510}
{"source":"user-event","type":"click","text":"D4\n    \n      Лесная (Forest)\n      Тёмно-зелёный фон. Природная атмосфера, спокойная для глаз ночью.\n      \n        Текст","choice":"dark-forest","id":null,"timestamp":1773507585338}
{"source":"user-event","type":"click","text":"D2\n    \n      AMOLED Чёрная (Pure Black)\n      Чисто чёрный #000000 фон. Максимальная экономия батареи на OLED-экранах.\n      \n        Текст","choice":"dark-amoled","id":null,"timestamp":1773507585872}
{"type":"screen-added","file":"/Users/andrei/development/Mobile/Fluera/.superpowers/brainstorm/82047-1773507469/themes-v2.html"}
{"type":"screen-added","file":"/Users/andrei/development/Mobile/Fluera/.superpowers/brainstorm/82047-1773507469/waiting.html"}
{"type":"server-stopped","reason":"idle timeout"}
